---
source: src/tests/legal_moves.rs
expression: out
---
# PROMOTABLES:

## NONPROMOTED:

|---|
|...|
|...|
|X..|
|c..|
|---|

|---|
|...|
|...|
|.X.|
|.c.|
|---|

|---|
|...|
|...|
|..X|
|..c|
|---|

|---|
|...|
|X..|
|c..|
|...|
|---|

|---|
|...|
|.X.|
|.c.|
|...|
|---|

|---|
|...|
|..X|
|..c|
|...|
|---|

|---|
|X..|
|c..|
|...|
|...|
|---|

|---|
|.X.|
|.c.|
|...|
|...|
|---|

|---|
|..X|
|..c|
|...|
|...|
|---|

|---|
|c..|
|...|
|...|
|...|
|---|

|---|
|.c.|
|...|
|...|
|...|
|---|

|---|
|..c|
|...|
|...|
|...|
|---|

## PROMOTED:

|---|
|...|
|...|
|XX.|
|cX.|
|---|

|---|
|...|
|...|
|XXX|
|XcX|
|---|

|---|
|...|
|...|
|.XX|
|.Xc|
|---|

|---|
|...|
|XX.|
|cX.|
|X..|
|---|

|---|
|...|
|XXX|
|XcX|
|.X.|
|---|

|---|
|...|
|.XX|
|.Xc|
|..X|
|---|

|---|
|XX.|
|cX.|
|X..|
|...|
|---|

|---|
|XXX|
|XcX|
|.X.|
|...|
|---|

|---|
|.XX|
|.Xc|
|..X|
|...|
|---|

|---|
|cX.|
|X..|
|...|
|...|
|---|

|---|
|XcX|
|.X.|
|...|
|...|
|---|

|---|
|.Xc|
|..X|
|...|
|...|
|---|

# NONPROMOTABLES:

|---|
|...|
|...|
|XX.|
|lX.|
|---|

|---|
|...|
|...|
|XXX|
|XlX|
|---|

|---|
|...|
|...|
|.XX|
|.Xl|
|---|

|---|
|...|
|XX.|
|lX.|
|XX.|
|---|

|---|
|...|
|XXX|
|XlX|
|XXX|
|---|

|---|
|...|
|.XX|
|.Xl|
|.XX|
|---|

|---|
|XX.|
|lX.|
|XX.|
|...|
|---|

|---|
|XXX|
|XlX|
|XXX|
|...|
|---|

|---|
|.XX|
|.Xl|
|.XX|
|...|
|---|

|---|
|lX.|
|XX.|
|...|
|...|
|---|

|---|
|XlX|
|XXX|
|...|
|...|
|---|

|---|
|.Xl|
|.XX|
|...|
|...|
|---|

|---|
|...|
|...|
|.X.|
|e..|
|---|

|---|
|...|
|...|
|X.X|
|.e.|
|---|

|---|
|...|
|...|
|.X.|
|..e|
|---|

|---|
|...|
|.X.|
|e..|
|.X.|
|---|

|---|
|...|
|X.X|
|.e.|
|X.X|
|---|

|---|
|...|
|.X.|
|..e|
|.X.|
|---|

|---|
|.X.|
|e..|
|.X.|
|...|
|---|

|---|
|X.X|
|.e.|
|X.X|
|...|
|---|

|---|
|.X.|
|..e|
|.X.|
|...|
|---|

|---|
|e..|
|.X.|
|...|
|...|
|---|

|---|
|.e.|
|X.X|
|...|
|...|
|---|

|---|
|..e|
|.X.|
|...|
|...|
|---|

|---|
|...|
|...|
|X..|
|gX.|
|---|

|---|
|...|
|...|
|.X.|
|XgX|
|---|

|---|
|...|
|...|
|..X|
|.Xg|
|---|

|---|
|...|
|X..|
|gX.|
|X..|
|---|

|---|
|...|
|.X.|
|XgX|
|.X.|
|---|

|---|
|...|
|..X|
|.Xg|
|..X|
|---|

|---|
|X..|
|gX.|
|X..|
|...|
|---|

|---|
|.X.|
|XgX|
|.X.|
|...|
|---|

|---|
|..X|
|.Xg|
|..X|
|...|
|---|

|---|
|gX.|
|X..|
|...|
|...|
|---|

|---|
|XgX|
|.X.|
|...|
|...|
|---|

|---|
|.Xg|
|..X|
|...|
|...|
|---|
