---
source: src/tests/mod.rs
expression: "State::initial().children().pretty()"
---
SearchNodeSet(len = 4) [
    0:
    |===|                |===|
    |...|                |...|
    |...|                |...|
    |===|                |===|
    |---|                |---|
    |G*E|                |GLE|
    |*CL|                |*C*|
    |*c*|                |lc*|
    |elg|                |e*g|
    |---|                |---|
    ==========================
    1:
    |===|                |===|
    |...|                |...|
    |...|                |...|
    |===|                |===|
    |---|                |---|
    |G*E|                |GLE|
    |LC*|                |*C*|
    |*c*|                |*cl|
    |elg|                |e*g|
    |---|                |---|
    ==========================
    2:
    |===|                |===|
    |C..|                |c..|
    |...|                |...|
    |===|                |===|
    |---|                |---|
    |GLE|                |GLE|
    |***|                |*c*|
    |*C*|                |***|
    |elg|                |elg|
    |---|                |---|
    ==========================
    3:
    |===|                |===|
    |...|                |...|
    |...|                |...|
    |===|                |===|
    |---|                |---|
    |*LE|                |GLE|
    |GC*|                |*C*|
    |*c*|                |*cg|
    |elg|                |el*|
    |---|                |---|
    ==========================
]
