---
source: src/tests/mod.rs
expression: "format!(\"parent:\\n{child0}\\n\\nchildren:\\n{children}\")"
---
parent:
|===|                |===|
|...|                |...|
|...|                |...|
|===|                |===|
|---|                |---|
|G*E|                |GLE|
|*CL|                |*C*|
|*c*|                |lc*|
|elg|                |e*g|
|---|                |---|
required_child_report_count: 0
best_known_outcome: 0 (draw)

children:
SearchNodeSet(len = 4) [
    0:
    |===|                |===|
    |...|                |...|
    |...|                |...|
    |===|                |===|
    |---|                |---|
    |G*E|                |G*E|
    |*CL|                |*CL|
    |lc*|                |lc*|
    |e*g|                |e*g|
    |---|                |---|
    required_child_report_count: 0
    best_known_outcome: 0 (draw)
    ==========================
    1:
    |===|                |===|
    |...|                |...|
    |...|                |...|
    |===|                |===|
    |---|                |---|
    |G*E|                |G*E|
    |LC*|                |*CL|
    |lc*|                |*cl|
    |e*g|                |e*g|
    |---|                |---|
    required_child_report_count: 0
    best_known_outcome: 0 (draw)
    ==========================
    2:
    |===|                |===|
    |C..|                |c..|
    |...|                |...|
    |===|                |===|
    |---|                |---|
    |GLE|                |G*E|
    |***|                |*cL|
    |lC*|                |***|
    |e*g|                |elg|
    |---|                |---|
    required_child_report_count: 0
    best_known_outcome: 0 (draw)
    ==========================
    3:
    |===|                |===|
    |...|                |...|
    |...|                |...|
    |===|                |===|
    |---|                |---|
    |*LE|                |G*E|
    |GC*|                |*CL|
    |lc*|                |*cg|
    |e*g|                |el*|
    |---|                |---|
    required_child_report_count: 0
    best_known_outcome: 0 (draw)
    ==========================
]
