---
source: src/tests/mod.rs
expression: "SearchNode::initial().into_builder().invert_active_player().pretty()"
---
|---|                |---|
|GLE|                |GLE|
|*C*|                |*C*|
|*c*|                |*c*|
|elg|                |elg|
|---|                |---|
required_child_report_count: 0
best_known_outcome: 0
